// Jest Snapshot v1, https://goo.gl/fbAQLP

exports[`DateInput component should match the snapshot 1`] = `
<div>
  <button
    aria-label="Open Drop"
    class="StyledButton-sc-323bzc-0 jfbKsv"
    type="button"
  >
    <div
      class="StyledTextInput__StyledTextInputContainer-sc-1x30a0s-1 kYQCpm"
    >
      <input
        autocomplete="off"
        class="StyledTextInput-sc-1x30a0s-0 kvYrcH"
        data-testid="input-date"
        value="02/02/2020"
      />
    </div>
  </button>
</div>
`;
