// Jest Snapshot v1, https://goo.gl/fbAQLP

exports[`CurrencyInput component Should match snapshot 1`] = `
<div>
  <div
    class="StyledTextInput__StyledTextInputContainer-sc-1x30a0s-1 kYQCpm"
  >
    <input
      autocomplete="off"
      class="StyledTextInput-sc-1x30a0s-0 kvYrcH"
      data-testid="currency-input"
      placeholder="🍕0,00"
      value="🍕123,45"
    />
  </div>
</div>
`;
